2026-08-06 12:53:12.292 | INFO     | anomaly_detection.autoencoder:train:94 - Training Autoencoder...
2026-08-06 12:53:13.143 | INFO     | anomaly_detection.autoencoder:train:145 - Epoch 1/2 Loss=0.974212
2026-08-06 12:53:13.146 | INFO     | anomaly_detection.autoencoder:train:145 - Epoch 2/2 Loss=0.978281
2026-08-06 12:53:13.147 | SUCCESS  | anomaly_detection.autoencoder:train:160 - Autoencoder training completed.
2026-08-06 12:53:13.150 | INFO     | anomaly_detection.autoencoder:train:94 - Training Autoencoder...
2026-08-06 12:53:13.154 | INFO     | anomaly_detection.autoencoder:train:145 - Epoch 1/2 Loss=0.974212
2026-08-06 12:53:13.157 | INFO     | anomaly_detection.autoencoder:train:145 - Epoch 2/2 Loss=0.978281
2026-08-06 12:53:13.157 | SUCCESS  | anomaly_detection.autoencoder:train:160 - Autoencoder training completed.
2026-08-06 12:53:13.159 | INFO     | anomaly_detection.autoencoder:train:94 - Training Autoencoder...
2026-08-06 12:53:13.163 | INFO     | anomaly_detection.autoencoder:train:145 - Epoch 1/2 Loss=0.974212
2026-08-06 12:53:13.166 | INFO     | anomaly_detection.autoencoder:train:145 - Epoch 2/2 Loss=0.978281
2026-08-06 12:53:13.167 | SUCCESS  | anomaly_detection.autoencoder:train:160 - Autoencoder training completed.
2026-08-06 12:53:13.169 | INFO     | anomaly_detection.autoencoder:train:94 - Training Autoencoder...
2026-08-06 12:53:13.173 | INFO     | anomaly_detection.autoencoder:train:145 - Epoch 1/2 Loss=0.974212
2026-08-06 12:53:13.176 | INFO     | anomaly_detection.autoencoder:train:145 - Epoch 2/2 Loss=0.978281
2026-08-06 12:53:13.177 | SUCCESS  | anomaly_detection.autoencoder:train:160 - Autoencoder training completed.
2026-08-06 12:53:13.179 | SUCCESS  | anomaly_detection.autoencoder:save:216 - Saved model to /private/var/folders/71/m_cwb65x7wlfvb2vnq3frct00000gn/T/pytest-of-nikhil/pytest-0/test_save_load0/autoencoder.pt
2026-08-06 12:53:13.209 | INFO     | preprocessing.data_cleaning:remove_duplicates:29 - Removed 1 duplicate records.
2026-08-06 12:53:13.212 | INFO     | preprocessing.data_cleaning:clip_percentage_columns:148 - Percentage columns validated.
2026-08-06 12:53:13.214 | INFO     | preprocessing.data_cleaning:fill_missing_numeric:100 - Numeric missing values filled.
2026-08-06 12:53:13.215 | SUCCESS  | preprocessing.data_loader:fetch_dataframe:95 - /system-metrics: loaded 2 records.
2026-08-06 12:53:13.216 | SUCCESS  | preprocessing.data_loader:fetch_dataframe:95 - /system-metrics: loaded 0 records.
2026-08-06 12:53:13.217 | INFO     | anomaly_detection.isolation_forest:train:54 - Training Isolation Forest...
2026-08-06 12:53:13.342 | SUCCESS  | anomaly_detection.isolation_forest:train:62 - Isolation Forest training completed.
2026-08-06 12:53:13.343 | INFO     | anomaly_detection.evaluator:evaluate:44 - Evaluating IsolationForestDetector
2026-08-06 12:53:13.352 | SUCCESS  | anomaly_detection.evaluator:evaluate:105 - Evaluation completed for IsolationForestDetector
2026-08-06 12:53:13.379 | INFO     | anomaly_detection.isolation_forest:train:54 - Training Isolation Forest...
2026-08-06 12:53:13.499 | SUCCESS  | anomaly_detection.isolation_forest:train:62 - Isolation Forest training completed.
2026-08-06 12:53:13.499 | INFO     | anomaly_detection.inference:predict:51 - Running inference using IsolationForestDetector
2026-08-06 12:53:13.503 | SUCCESS  | anomaly_detection.inference:predict:87 - Inference completed (100 samples).
2026-08-06 12:53:13.504 | INFO     | anomaly_detection.isolation_forest:train:54 - Training Isolation Forest...
2026-08-06 12:53:13.613 | SUCCESS  | anomaly_detection.isolation_forest:train:62 - Isolation Forest training completed.
2026-08-06 12:53:13.613 | INFO     | anomaly_detection.inference:predict:51 - Running inference using IsolationForestDetector
2026-08-06 12:53:13.618 | SUCCESS  | anomaly_detection.inference:predict:87 - Inference completed (100 samples).
2026-08-06 12:53:13.618 | INFO     | anomaly_detection.isolation_forest:train:54 - Training Isolation Forest...
2026-08-06 12:53:13.733 | SUCCESS  | anomaly_detection.isolation_forest:train:62 - Isolation Forest training completed.
2026-08-06 12:53:13.733 | INFO     | anomaly_detection.inference:predict:51 - Running inference using IsolationForestDetector
2026-08-06 12:53:13.737 | SUCCESS  | anomaly_detection.inference:predict:87 - Inference completed (100 samples).
2026-08-06 12:53:13.738 | INFO     | anomaly_detection.isolation_forest:train:54 - Training Isolation Forest...
2026-08-06 12:53:13.855 | SUCCESS  | anomaly_detection.isolation_forest:train:62 - Isolation Forest training completed.
2026-08-06 12:53:13.856 | INFO     | anomaly_detection.inference:predict:51 - Running inference using IsolationForestDetector
2026-08-06 12:53:13.860 | SUCCESS  | anomaly_detection.inference:predict:87 - Inference completed (100 samples).
2026-08-06 12:53:13.861 | INFO     | anomaly_detection.isolation_forest:train:54 - Training Isolation Forest...
2026-08-06 12:53:13.973 | SUCCESS  | anomaly_detection.isolation_forest:train:62 - Isolation Forest training completed.
2026-08-06 12:53:13.974 | INFO     | anomaly_detection.isolation_forest:train:54 - Training Isolation Forest...
2026-08-06 12:53:14.090 | SUCCESS  | anomaly_detection.isolation_forest:train:62 - Isolation Forest training completed.
2026-08-06 12:53:14.094 | INFO     | anomaly_detection.isolation_forest:train:54 - Training Isolation Forest...
2026-08-06 12:53:14.217 | SUCCESS  | anomaly_detection.isolation_forest:train:62 - Isolation Forest training completed.
2026-08-06 12:53:14.221 | INFO     | anomaly_detection.isolation_forest:train:54 - Training Isolation Forest...
2026-08-06 12:53:14.344 | SUCCESS  | anomaly_detection.isolation_forest:train:62 - Isolation Forest training completed.
2026-08-06 12:53:14.393 | SUCCESS  | anomaly_detection.isolation_forest:save:120 - Model saved to /private/var/folders/71/m_cwb65x7wlfvb2vnq3frct00000gn/T/pytest-of-nikhil/pytest-0/test_save_load1/iforest.joblib
2026-08-06 12:53:14.414 | SUCCESS  | anomaly_detection.isolation_forest:load:133 - Model loaded from /private/var/folders/71/m_cwb65x7wlfvb2vnq3frct00000gn/T/pytest-of-nikhil/pytest-0/test_save_load1/iforest.joblib
2026-08-06 12:53:14.419 | INFO     | anomaly_detection.model_selector:select_best:36 - Selecting best model using 'f1_score'.
2026-08-06 12:53:14.419 | SUCCESS  | anomaly_detection.model_selector:select_best:68 - Selected model: AutoencoderDetector
2026-08-06 12:53:14.419 | INFO     | anomaly_detection.model_selector:select_best:36 - Selecting best model using 'f1_score'.
2026-08-06 12:53:14.419 | WARNING  | anomaly_detection.model_selector:select_best:57 - Metric 'f1_score' not available. Falling back to lowest inference latency.
2026-08-06 12:53:14.419 | SUCCESS  | anomaly_detection.model_selector:select_best:68 - Selected model: IsolationForestDetector
2026-08-06 12:53:14.422 | SUCCESS  | preprocessing.normalization:fit_transform:54 - standard normalization applied to 2 columns.
2026-08-06 12:53:14.424 | SUCCESS  | preprocessing.normalization:fit_transform:54 - minmax normalization applied to 1 columns.
2026-08-06 12:53:14.425 | SUCCESS  | preprocessing.normalization:fit_transform:54 - standard normalization applied to 1 columns.
2026-08-06 12:53:14.427 | WARNING  | preprocessing.normalization:fit_transform:47 - No valid columns found for normalization.
2026-08-06 12:53:14.429 | INFO     | preprocessing.pipeline:clean_data:89 - Cleaning datasets...
2026-08-06 12:53:14.429 | INFO     | preprocessing.data_cleaning:clean:158 - Starting data cleaning pipeline...
2026-08-06 12:53:14.432 | INFO     | preprocessing.data_cleaning:remove_duplicates:29 - Removed 0 duplicate records.
2026-08-06 12:53:14.432 | INFO     | preprocessing.data_cleaning:standardize_timestamps:50 - Timestamp normalization completed.
2026-08-06 12:53:14.432 | INFO     | preprocessing.data_cleaning:fill_missing_numeric:100 - Numeric missing values filled.
2026-08-06 12:53:14.436 | INFO     | preprocessing.data_cleaning:fill_missing_categorical:125 - Categorical missing values filled.
2026-08-06 12:53:14.436 | INFO     | preprocessing.data_cleaning:clip_percentage_columns:148 - Percentage columns validated.
2026-08-06 12:53:14.436 | SUCCESS  | preprocessing.data_cleaning:clean:179 - Data cleaning completed.
2026-08-06 12:53:14.436 | INFO     | preprocessing.data_cleaning:clean:158 - Starting data cleaning pipeline...
2026-08-06 12:53:14.436 | INFO     | preprocessing.data_cleaning:remove_duplicates:29 - Removed 0 duplicate records.
2026-08-06 12:53:14.437 | INFO     | preprocessing.data_cleaning:standardize_timestamps:50 - Timestamp normalization completed.
2026-08-06 12:53:14.438 | INFO     | preprocessing.data_cleaning:remove_invalid_records:76 - Removed 0 invalid timestamp records.
2026-08-06 12:53:14.438 | INFO     | preprocessing.data_cleaning:fill_missing_numeric:100 - Numeric missing values filled.
2026-08-06 12:53:14.439 | INFO     | preprocessing.data_cleaning:fill_missing_categorical:125 - Categorical missing values filled.
2026-08-06 12:53:14.439 | INFO     | preprocessing.data_cleaning:clip_percentage_columns:148 - Percentage columns validated.
2026-08-06 12:53:14.439 | SUCCESS  | preprocessing.data_cleaning:clean:179 - Data cleaning completed.
2026-08-06 12:53:14.439 | INFO     | preprocessing.data_cleaning:clean:158 - Starting data cleaning pipeline...
2026-08-06 12:53:14.439 | INFO     | preprocessing.data_cleaning:remove_duplicates:29 - Removed 0 duplicate records.
2026-08-06 12:53:14.439 | INFO     | preprocessing.data_cleaning:standardize_timestamps:50 - Timestamp normalization completed.
2026-08-06 12:53:14.440 | INFO     | preprocessing.data_cleaning:remove_invalid_records:76 - Removed 0 invalid timestamp records.
2026-08-06 12:53:14.441 | INFO     | preprocessing.data_cleaning:fill_missing_numeric:100 - Numeric missing values filled.
2026-08-06 12:53:14.441 | INFO     | preprocessing.data_cleaning:fill_missing_categorical:125 - Categorical missing values filled.
2026-08-06 12:53:14.442 | INFO     | preprocessing.data_cleaning:clip_percentage_columns:148 - Percentage columns validated.
2026-08-06 12:53:14.442 | SUCCESS  | preprocessing.data_cleaning:clean:179 - Data cleaning completed.
2026-08-06 12:53:14.442 | INFO     | preprocessing.data_cleaning:clean:158 - Starting data cleaning pipeline...
2026-08-06 12:53:14.442 | INFO     | preprocessing.data_cleaning:remove_duplicates:29 - Removed 0 duplicate records.
2026-08-06 12:53:14.442 | INFO     | preprocessing.data_cleaning:standardize_timestamps:50 - Timestamp normalization completed.
2026-08-06 12:53:14.442 | INFO     | preprocessing.data_cleaning:fill_missing_numeric:100 - Numeric missing values filled.
2026-08-06 12:53:14.443 | INFO     | preprocessing.data_cleaning:fill_missing_categorical:125 - Categorical missing values filled.
2026-08-06 12:53:14.443 | INFO     | preprocessing.data_cleaning:clip_percentage_columns:148 - Percentage columns validated.
2026-08-06 12:53:14.443 | SUCCESS  | preprocessing.data_cleaning:clean:179 - Data cleaning completed.
2026-08-06 12:53:14.443 | INFO     | preprocessing.data_cleaning:clean:158 - Starting data cleaning pipeline...
2026-08-06 12:53:14.443 | INFO     | preprocessing.data_cleaning:remove_duplicates:29 - Removed 0 duplicate records.
2026-08-06 12:53:14.443 | INFO     | preprocessing.data_cleaning:standardize_timestamps:50 - Timestamp normalization completed.
2026-08-06 12:53:14.444 | INFO     | preprocessing.data_cleaning:remove_invalid_records:76 - Removed 0 invalid timestamp records.
2026-08-06 12:53:14.444 | INFO     | preprocessing.data_cleaning:fill_missing_numeric:100 - Numeric missing values filled.
2026-08-06 12:53:14.444 | INFO     | preprocessing.data_cleaning:fill_missing_categorical:125 - Categorical missing values filled.
2026-08-06 12:53:14.444 | INFO     | preprocessing.data_cleaning:clip_percentage_columns:148 - Percentage columns validated.
2026-08-06 12:53:14.444 | SUCCESS  | preprocessing.data_cleaning:clean:179 - Data cleaning completed.
2026-08-06 12:53:14.444 | INFO     | preprocessing.data_cleaning:clean:158 - Starting data cleaning pipeline...
2026-08-06 12:53:14.445 | INFO     | preprocessing.data_cleaning:remove_duplicates:29 - Removed 0 duplicate records.
2026-08-06 12:53:14.445 | INFO     | preprocessing.data_cleaning:standardize_timestamps:50 - Timestamp normalization completed.
2026-08-06 12:53:14.445 | INFO     | preprocessing.data_cleaning:fill_missing_numeric:100 - Numeric missing values filled.
2026-08-06 12:53:14.445 | INFO     | preprocessing.data_cleaning:fill_missing_categorical:125 - Categorical missing values filled.
2026-08-06 12:53:14.446 | INFO     | preprocessing.data_cleaning:clip_percentage_columns:148 - Percentage columns validated.
2026-08-06 12:53:14.446 | SUCCESS  | preprocessing.data_cleaning:clean:179 - Data cleaning completed.
2026-08-06 12:53:14.446 | INFO     | preprocessing.data_cleaning:clean:158 - Starting data cleaning pipeline...
2026-08-06 12:53:14.446 | INFO     | preprocessing.data_cleaning:remove_duplicates:29 - Removed 0 duplicate records.
2026-08-06 12:53:14.446 | INFO     | preprocessing.data_cleaning:standardize_timestamps:50 - Timestamp normalization completed.
2026-08-06 12:53:14.447 | INFO     | preprocessing.data_cleaning:remove_invalid_records:76 - Removed 0 invalid timestamp records.
2026-08-06 12:53:14.447 | INFO     | preprocessing.data_cleaning:fill_missing_numeric:100 - Numeric missing values filled.
2026-08-06 12:53:14.447 | INFO     | preprocessing.data_cleaning:fill_missing_categorical:125 - Categorical missing values filled.
2026-08-06 12:53:14.447 | INFO     | preprocessing.data_cleaning:clip_percentage_columns:148 - Percentage columns validated.
2026-08-06 12:53:14.447 | SUCCESS  | preprocessing.data_cleaning:clean:179 - Data cleaning completed.
2026-08-06 12:53:14.447 | INFO     | preprocessing.data_cleaning:clean:158 - Starting data cleaning pipeline...
2026-08-06 12:53:14.447 | INFO     | preprocessing.data_cleaning:remove_duplicates:29 - Removed 0 duplicate records.
2026-08-06 12:53:14.447 | INFO     | preprocessing.data_cleaning:standardize_timestamps:50 - Timestamp normalization completed.
2026-08-06 12:53:14.447 | INFO     | preprocessing.data_cleaning:fill_missing_numeric:100 - Numeric missing values filled.
2026-08-06 12:53:14.447 | INFO     | preprocessing.data_cleaning:fill_missing_categorical:125 - Categorical missing values filled.
2026-08-06 12:53:14.447 | INFO     | preprocessing.data_cleaning:clip_percentage_columns:148 - Percentage columns validated.
2026-08-06 12:53:14.447 | SUCCESS  | preprocessing.data_cleaning:clean:179 - Data cleaning completed.
2026-08-06 12:53:14.448 | SUCCESS  | preprocessing.pipeline:clean_data:96 - All datasets cleaned.
2026-08-06 12:53:14.451 | INFO     | preprocessing.feature_engineering:generate:226 - Generating AI features...
2026-08-06 12:53:14.461 | SUCCESS  | preprocessing.feature_engineering:generate:244 - Feature engineering completed.
2026-08-06 12:53:14.463 | INFO     | preprocessing.feature_engineering:generate:226 - Generating AI features...
2026-08-06 12:53:14.468 | SUCCESS  | preprocessing.feature_engineering:generate:244 - Feature engineering completed.
2026-08-06 12:53:14.470 | SUCCESS  | preprocessing.normalization:fit_transform:54 - standard normalization applied to 12 columns.
2026-08-06 12:53:14.470 | SUCCESS  | preprocessing.pipeline:normalize:138 - Normalization completed.
2026-08-06 12:53:15.485 | INFO     | preprocessing.pipeline:export_dataset:165 - Exported metrics
2026-08-06 12:54:35.372 | INFO     | anomaly_detection.autoencoder:train:94 - Training Autoencoder...
2026-08-06 12:54:36.184 | INFO     | anomaly_detection.autoencoder:train:145 - Epoch 1/2 Loss=0.974212
2026-08-06 12:54:36.187 | INFO     | anomaly_detection.autoencoder:train:145 - Epoch 2/2 Loss=0.978281
2026-08-06 12:54:36.190 | SUCCESS  | anomaly_detection.autoencoder:train:160 - Autoencoder training completed.
2026-08-06 12:54:36.193 | INFO     | anomaly_detection.autoencoder:train:94 - Training Autoencoder...
2026-08-06 12:54:36.199 | INFO     | anomaly_detection.autoencoder:train:145 - Epoch 1/2 Loss=0.974212
2026-08-06 12:54:36.204 | INFO     | anomaly_detection.autoencoder:train:145 - Epoch 2/2 Loss=0.978281
2026-08-06 12:54:36.205 | SUCCESS  | anomaly_detection.autoencoder:train:160 - Autoencoder training completed.
2026-08-06 12:54:36.207 | INFO     | anomaly_detection.autoencoder:train:94 - Training Autoencoder...
2026-08-06 12:54:36.211 | INFO     | anomaly_detection.autoencoder:train:145 - Epoch 1/2 Loss=0.974212
2026-08-06 12:54:36.214 | INFO     | anomaly_detection.autoencoder:train:145 - Epoch 2/2 Loss=0.978281
2026-08-06 12:54:36.215 | SUCCESS  | anomaly_detection.autoencoder:train:160 - Autoencoder training completed.
2026-08-06 12:54:36.217 | INFO     | anomaly_detection.autoencoder:train:94 - Training Autoencoder...
2026-08-06 12:54:36.221 | INFO     | anomaly_detection.autoencoder:train:145 - Epoch 1/2 Loss=0.974212
2026-08-06 12:54:36.224 | INFO     | anomaly_detection.autoencoder:train:145 - Epoch 2/2 Loss=0.978281
2026-08-06 12:54:36.224 | SUCCESS  | anomaly_detection.autoencoder:train:160 - Autoencoder training completed.
2026-08-06 12:54:36.227 | SUCCESS  | anomaly_detection.autoencoder:save:216 - Saved model to /private/var/folders/71/m_cwb65x7wlfvb2vnq3frct00000gn/T/pytest-of-nikhil/pytest-1/test_save_load0/autoencoder.pt
2026-08-06 12:54:36.230 | SUCCESS  | anomaly_detection.autoencoder:load:248 - Loaded model from /private/var/folders/71/m_cwb65x7wlfvb2vnq3frct00000gn/T/pytest-of-nikhil/pytest-1/test_save_load0/autoencoder.pt
2026-08-06 12:54:43.294 | INFO     | anomaly_detection.autoencoder:train:94 - Training Autoencoder...
2026-08-06 12:54:44.048 | INFO     | anomaly_detection.autoencoder:train:145 - Epoch 1/2 Loss=0.974212
2026-08-06 12:54:44.051 | INFO     | anomaly_detection.autoencoder:train:145 - Epoch 2/2 Loss=0.978281
2026-08-06 12:54:44.051 | SUCCESS  | anomaly_detection.autoencoder:train:160 - Autoencoder training completed.
2026-08-06 12:54:44.053 | INFO     | anomaly_detection.autoencoder:train:94 - Training Autoencoder...
2026-08-06 12:54:44.057 | INFO     | anomaly_detection.autoencoder:train:145 - Epoch 1/2 Loss=0.974212
2026-08-06 12:54:44.060 | INFO     | anomaly_detection.autoencoder:train:145 - Epoch 2/2 Loss=0.978281
2026-08-06 12:54:44.061 | SUCCESS  | anomaly_detection.autoencoder:train:160 - Autoencoder training completed.
2026-08-06 12:54:44.062 | INFO     | anomaly_detection.autoencoder:train:94 - Training Autoencoder...
2026-08-06 12:54:44.066 | INFO     | anomaly_detection.autoencoder:train:145 - Epoch 1/2 Loss=0.974212
2026-08-06 12:54:44.069 | INFO     | anomaly_detection.autoencoder:train:145 - Epoch 2/2 Loss=0.978281
2026-08-06 12:54:44.070 | SUCCESS  | anomaly_detection.autoencoder:train:160 - Autoencoder training completed.
2026-08-06 12:54:44.071 | INFO     | anomaly_detection.autoencoder:train:94 - Training Autoencoder...
2026-08-06 12:54:44.075 | INFO     | anomaly_detection.autoencoder:train:145 - Epoch 1/2 Loss=0.974212
2026-08-06 12:54:44.079 | INFO     | anomaly_detection.autoencoder:train:145 - Epoch 2/2 Loss=0.978281
2026-08-06 12:54:44.079 | SUCCESS  | anomaly_detection.autoencoder:train:160 - Autoencoder training completed.
2026-08-06 12:54:44.081 | SUCCESS  | anomaly_detection.autoencoder:save:216 - Saved model to /private/var/folders/71/m_cwb65x7wlfvb2vnq3frct00000gn/T/pytest-of-nikhil/pytest-2/test_save_load0/autoencoder.pt
2026-08-06 12:54:44.083 | SUCCESS  | anomaly_detection.autoencoder:load:248 - Loaded model from /private/var/folders/71/m_cwb65x7wlfvb2vnq3frct00000gn/T/pytest-of-nikhil/pytest-2/test_save_load0/autoencoder.pt
2026-08-06 12:54:44.093 | INFO     | preprocessing.data_cleaning:remove_duplicates:29 - Removed 1 duplicate records.
2026-08-06 12:54:44.097 | INFO     | preprocessing.data_cleaning:clip_percentage_columns:148 - Percentage columns validated.
2026-08-06 12:54:44.098 | INFO     | preprocessing.data_cleaning:fill_missing_numeric:100 - Numeric missing values filled.
2026-08-06 12:54:44.099 | SUCCESS  | preprocessing.data_loader:fetch_dataframe:95 - /system-metrics: loaded 2 records.
2026-08-06 12:54:44.100 | SUCCESS  | preprocessing.data_loader:fetch_dataframe:95 - /system-metrics: loaded 0 records.
2026-08-06 12:54:44.102 | INFO     | anomaly_detection.isolation_forest:train:54 - Training Isolation Forest...
2026-08-06 12:54:44.229 | SUCCESS  | anomaly_detection.isolation_forest:train:62 - Isolation Forest training completed.
2026-08-06 12:54:44.229 | INFO     | anomaly_detection.evaluator:evaluate:44 - Evaluating IsolationForestDetector
2026-08-06 12:54:44.238 | SUCCESS  | anomaly_detection.evaluator:evaluate:105 - Evaluation completed for IsolationForestDetector
2026-08-06 12:54:44.264 | INFO     | anomaly_detection.isolation_forest:train:54 - Training Isolation Forest...
2026-08-06 12:54:44.374 | SUCCESS  | anomaly_detection.isolation_forest:train:62 - Isolation Forest training completed.
2026-08-06 12:54:44.374 | INFO     | anomaly_detection.inference:predict:51 - Running inference using IsolationForestDetector
2026-08-06 12:54:44.379 | SUCCESS  | anomaly_detection.inference:predict:87 - Inference completed (100 samples).
2026-08-06 12:54:44.380 | INFO     | anomaly_detection.isolation_forest:train:54 - Training Isolation Forest...
2026-08-06 12:54:44.491 | SUCCESS  | anomaly_detection.isolation_forest:train:62 - Isolation Forest training completed.
2026-08-06 12:54:44.491 | INFO     | anomaly_detection.inference:predict:51 - Running inference using IsolationForestDetector
2026-08-06 12:54:44.495 | SUCCESS  | anomaly_detection.inference:predict:87 - Inference completed (100 samples).
2026-08-06 12:54:44.496 | INFO     | anomaly_detection.isolation_forest:train:54 - Training Isolation Forest...
2026-08-06 12:54:44.610 | SUCCESS  | anomaly_detection.isolation_forest:train:62 - Isolation Forest training completed.
2026-08-06 12:54:44.610 | INFO     | anomaly_detection.inference:predict:51 - Running inference using IsolationForestDetector
2026-08-06 12:54:44.615 | SUCCESS  | anomaly_detection.inference:predict:87 - Inference completed (100 samples).
2026-08-06 12:54:44.616 | INFO     | anomaly_detection.isolation_forest:train:54 - Training Isolation Forest...
2026-08-06 12:54:44.727 | SUCCESS  | anomaly_detection.isolation_forest:train:62 - Isolation Forest training completed.
2026-08-06 12:54:44.727 | INFO     | anomaly_detection.inference:predict:51 - Running inference using IsolationForestDetector
2026-08-06 12:54:44.731 | SUCCESS  | anomaly_detection.inference:predict:87 - Inference completed (100 samples).
2026-08-06 12:54:44.732 | INFO     | anomaly_detection.isolation_forest:train:54 - Training Isolation Forest...
2026-08-06 12:54:44.856 | SUCCESS  | anomaly_detection.isolation_forest:train:62 - Isolation Forest training completed.
2026-08-06 12:54:44.857 | INFO     | anomaly_detection.isolation_forest:train:54 - Training Isolation Forest...
2026-08-06 12:54:44.977 | SUCCESS  | anomaly_detection.isolation_forest:train:62 - Isolation Forest training completed.
2026-08-06 12:54:44.981 | INFO     | anomaly_detection.isolation_forest:train:54 - Training Isolation Forest...
2026-08-06 12:54:45.101 | SUCCESS  | anomaly_detection.isolation_forest:train:62 - Isolation Forest training completed.
2026-08-06 12:54:45.105 | INFO     | anomaly_detection.isolation_forest:train:54 - Training Isolation Forest...
2026-08-06 12:54:45.230 | SUCCESS  | anomaly_detection.isolation_forest:train:62 - Isolation Forest training completed.
2026-08-06 12:54:45.261 | SUCCESS  | anomaly_detection.isolation_forest:save:120 - Model saved to /private/var/folders/71/m_cwb65x7wlfvb2vnq3frct00000gn/T/pytest-of-nikhil/pytest-2/test_save_load1/iforest.joblib
2026-08-06 12:54:45.283 | SUCCESS  | anomaly_detection.isolation_forest:load:133 - Model loaded from /private/var/folders/71/m_cwb65x7wlfvb2vnq3frct00000gn/T/pytest-of-nikhil/pytest-2/test_save_load1/iforest.joblib
2026-08-06 12:54:45.287 | INFO     | anomaly_detection.model_selector:select_best:36 - Selecting best model using 'f1_score'.
2026-08-06 12:54:45.287 | SUCCESS  | anomaly_detection.model_selector:select_best:68 - Selected model: AutoencoderDetector
2026-08-06 12:54:45.288 | INFO     | anomaly_detection.model_selector:select_best:36 - Selecting best model using 'f1_score'.
2026-08-06 12:54:45.288 | WARNING  | anomaly_detection.model_selector:select_best:57 - Metric 'f1_score' not available. Falling back to lowest inference latency.
2026-08-06 12:54:45.288 | SUCCESS  | anomaly_detection.model_selector:select_best:68 - Selected model: IsolationForestDetector
2026-08-06 12:54:45.292 | SUCCESS  | preprocessing.normalization:fit_transform:54 - standard normalization applied to 2 columns.
2026-08-06 12:54:45.293 | SUCCESS  | preprocessing.normalization:fit_transform:54 - minmax normalization applied to 1 columns.
2026-08-06 12:54:45.295 | SUCCESS  | preprocessing.normalization:fit_transform:54 - standard normalization applied to 1 columns.
2026-08-06 12:54:45.296 | WARNING  | preprocessing.normalization:fit_transform:47 - No valid columns found for normalization.
2026-08-06 12:54:45.298 | INFO     | preprocessing.pipeline:clean_data:89 - Cleaning datasets...
2026-08-06 12:54:45.298 | INFO     | preprocessing.data_cleaning:clean:158 - Starting data cleaning pipeline...
2026-08-06 12:54:45.301 | INFO     | preprocessing.data_cleaning:remove_duplicates:29 - Removed 0 duplicate records.
2026-08-06 12:54:45.301 | INFO     | preprocessing.data_cleaning:standardize_timestamps:50 - Timestamp normalization completed.
2026-08-06 12:54:45.302 | INFO     | preprocessing.data_cleaning:fill_missing_numeric:100 - Numeric missing values filled.
2026-08-06 12:54:45.305 | INFO     | preprocessing.data_cleaning:fill_missing_categorical:125 - Categorical missing values filled.
2026-08-06 12:54:45.305 | INFO     | preprocessing.data_cleaning:clip_percentage_columns:148 - Percentage columns validated.
2026-08-06 12:54:45.305 | SUCCESS  | preprocessing.data_cleaning:clean:179 - Data cleaning completed.
2026-08-06 12:54:45.305 | INFO     | preprocessing.data_cleaning:clean:158 - Starting data cleaning pipeline...
2026-08-06 12:54:45.305 | INFO     | preprocessing.data_cleaning:remove_duplicates:29 - Removed 0 duplicate records.
2026-08-06 12:54:45.306 | INFO     | preprocessing.data_cleaning:standardize_timestamps:50 - Timestamp normalization completed.
2026-08-06 12:54:45.307 | INFO     | preprocessing.data_cleaning:remove_invalid_records:76 - Removed 0 invalid timestamp records.
2026-08-06 12:54:45.307 | INFO     | preprocessing.data_cleaning:fill_missing_numeric:100 - Numeric missing values filled.
2026-08-06 12:54:45.307 | INFO     | preprocessing.data_cleaning:fill_missing_categorical:125 - Categorical missing values filled.
2026-08-06 12:54:45.307 | INFO     | preprocessing.data_cleaning:clip_percentage_columns:148 - Percentage columns validated.
2026-08-06 12:54:45.307 | SUCCESS  | preprocessing.data_cleaning:clean:179 - Data cleaning completed.
2026-08-06 12:54:45.308 | INFO     | preprocessing.data_cleaning:clean:158 - Starting data cleaning pipeline...
2026-08-06 12:54:45.308 | INFO     | preprocessing.data_cleaning:remove_duplicates:29 - Removed 0 duplicate records.
2026-08-06 12:54:45.308 | INFO     | preprocessing.data_cleaning:standardize_timestamps:50 - Timestamp normalization completed.
2026-08-06 12:54:45.309 | INFO     | preprocessing.data_cleaning:remove_invalid_records:76 - Removed 0 invalid timestamp records.
2026-08-06 12:54:45.309 | INFO     | preprocessing.data_cleaning:fill_missing_numeric:100 - Numeric missing values filled.
2026-08-06 12:54:45.310 | INFO     | preprocessing.data_cleaning:fill_missing_categorical:125 - Categorical missing values filled.
2026-08-06 12:54:45.311 | INFO     | preprocessing.data_cleaning:clip_percentage_columns:148 - Percentage columns validated.
2026-08-06 12:54:45.311 | SUCCESS  | preprocessing.data_cleaning:clean:179 - Data cleaning completed.
2026-08-06 12:54:45.311 | INFO     | preprocessing.data_cleaning:clean:158 - Starting data cleaning pipeline...
2026-08-06 12:54:45.311 | INFO     | preprocessing.data_cleaning:remove_duplicates:29 - Removed 0 duplicate records.
2026-08-06 12:54:45.311 | INFO     | preprocessing.data_cleaning:standardize_timestamps:50 - Timestamp normalization completed.
2026-08-06 12:54:45.311 | INFO     | preprocessing.data_cleaning:fill_missing_numeric:100 - Numeric missing values filled.
2026-08-06 12:54:45.311 | INFO     | preprocessing.data_cleaning:fill_missing_categorical:125 - Categorical missing values filled.
2026-08-06 12:54:45.311 | INFO     | preprocessing.data_cleaning:clip_percentage_columns:148 - Percentage columns validated.
2026-08-06 12:54:45.311 | SUCCESS  | preprocessing.data_cleaning:clean:179 - Data cleaning completed.
2026-08-06 12:54:45.312 | INFO     | preprocessing.data_cleaning:clean:158 - Starting data cleaning pipeline...
2026-08-06 12:54:45.312 | INFO     | preprocessing.data_cleaning:remove_duplicates:29 - Removed 0 duplicate records.
2026-08-06 12:54:45.312 | INFO     | preprocessing.data_cleaning:standardize_timestamps:50 - Timestamp normalization completed.
2026-08-06 12:54:45.312 | INFO     | preprocessing.data_cleaning:remove_invalid_records:76 - Removed 0 invalid timestamp records.
2026-08-06 12:54:45.313 | INFO     | preprocessing.data_cleaning:fill_missing_numeric:100 - Numeric missing values filled.
2026-08-06 12:54:45.313 | INFO     | preprocessing.data_cleaning:fill_missing_categorical:125 - Categorical missing values filled.
2026-08-06 12:54:45.313 | INFO     | preprocessing.data_cleaning:clip_percentage_columns:148 - Percentage columns validated.
2026-08-06 12:54:45.313 | SUCCESS  | preprocessing.data_cleaning:clean:179 - Data cleaning completed.
2026-08-06 12:54:45.313 | INFO     | preprocessing.data_cleaning:clean:158 - Starting data cleaning pipeline...
2026-08-06 12:54:45.313 | INFO     | preprocessing.data_cleaning:remove_duplicates:29 - Removed 0 duplicate records.
2026-08-06 12:54:45.314 | INFO     | preprocessing.data_cleaning:standardize_timestamps:50 - Timestamp normalization completed.
2026-08-06 12:54:45.314 | INFO     | preprocessing.data_cleaning:fill_missing_numeric:100 - Numeric missing values filled.
2026-08-06 12:54:45.314 | INFO     | preprocessing.data_cleaning:fill_missing_categorical:125 - Categorical missing values filled.
2026-08-06 12:54:45.314 | INFO     | preprocessing.data_cleaning:clip_percentage_columns:148 - Percentage columns validated.
2026-08-06 12:54:45.314 | SUCCESS  | preprocessing.data_cleaning:clean:179 - Data cleaning completed.
2026-08-06 12:54:45.314 | INFO     | preprocessing.data_cleaning:clean:158 - Starting data cleaning pipeline...
2026-08-06 12:54:45.315 | INFO     | preprocessing.data_cleaning:remove_duplicates:29 - Removed 0 duplicate records.
2026-08-06 12:54:45.315 | INFO     | preprocessing.data_cleaning:standardize_timestamps:50 - Timestamp normalization completed.
2026-08-06 12:54:45.315 | INFO     | preprocessing.data_cleaning:remove_invalid_records:76 - Removed 0 invalid timestamp records.
2026-08-06 12:54:45.315 | INFO     | preprocessing.data_cleaning:fill_missing_numeric:100 - Numeric missing values filled.
2026-08-06 12:54:45.316 | INFO     | preprocessing.data_cleaning:fill_missing_categorical:125 - Categorical missing values filled.
2026-08-06 12:54:45.316 | INFO     | preprocessing.data_cleaning:clip_percentage_columns:148 - Percentage columns validated.
2026-08-06 12:54:45.316 | SUCCESS  | preprocessing.data_cleaning:clean:179 - Data cleaning completed.
2026-08-06 12:54:45.316 | INFO     | preprocessing.data_cleaning:clean:158 - Starting data cleaning pipeline...
2026-08-06 12:54:45.316 | INFO     | preprocessing.data_cleaning:remove_duplicates:29 - Removed 0 duplicate records.
2026-08-06 12:54:45.316 | INFO     | preprocessing.data_cleaning:standardize_timestamps:50 - Timestamp normalization completed.
2026-08-06 12:54:45.316 | INFO     | preprocessing.data_cleaning:fill_missing_numeric:100 - Numeric missing values filled.
2026-08-06 12:54:45.316 | INFO     | preprocessing.data_cleaning:fill_missing_categorical:125 - Categorical missing values filled.
2026-08-06 12:54:45.316 | INFO     | preprocessing.data_cleaning:clip_percentage_columns:148 - Percentage columns validated.
2026-08-06 12:54:45.316 | SUCCESS  | preprocessing.data_cleaning:clean:179 - Data cleaning completed.
2026-08-06 12:54:45.316 | SUCCESS  | preprocessing.pipeline:clean_data:96 - All datasets cleaned.
2026-08-06 12:54:45.319 | INFO     | preprocessing.feature_engineering:generate:226 - Generating AI features...
2026-08-06 12:54:45.329 | SUCCESS  | preprocessing.feature_engineering:generate:244 - Feature engineering completed.
2026-08-06 12:54:45.331 | INFO     | preprocessing.feature_engineering:generate:226 - Generating AI features...
2026-08-06 12:54:45.336 | SUCCESS  | preprocessing.feature_engineering:generate:244 - Feature engineering completed.
2026-08-06 12:54:45.338 | SUCCESS  | preprocessing.normalization:fit_transform:54 - standard normalization applied to 12 columns.
2026-08-06 12:54:45.338 | SUCCESS  | preprocessing.pipeline:normalize:138 - Normalization completed.
2026-08-06 12:54:45.396 | INFO     | preprocessing.pipeline:export_dataset:165 - Exported metrics
